map[abs:42 ceil:3 concatenated:[1 2 3] contains:true count:3 ends:true floor:2 formatted:[1 2 3] includes:true index_of:1 joined:a-b json:{"a":1,"b":[2,3]} lower:isa max:10 min:5 now:NOW parsed:123 pop:[1 2] pow:8 push:[1 2 3 4] repeated:xxx replaced:a_b_c reversed:cba reversed_arr:[2 1] round:3 shift:[2 3] sliced:[1 2] slug:my-title-here sorted:[1 2 3] split:[a b c] sqrt:3 starts:true strlen:5 substr:isa trim:trim type:[]interface {} unshift:[1 2 3] upper:ISA uuid:UUID]
